C:\Users\USER\coding\Practical_Project1\SpringTeamProject2\src\main\java\com\example\BoardDAO.java
C:\Users\USER\coding\Practical_Project1\SpringTeamProject2\src\main\java\com\example\LoginController.java
C:\Users\USER\coding\Practical_Project1\SpringTeamProject2\src\main\java\com\example\UserServiceImpl.java
C:\Users\USER\coding\Practical_Project1\SpringTeamProject2\src\main\java\com\example\UserDAO.java
C:\Users\USER\coding\Practical_Project1\SpringTeamProject2\src\main\java\com\example\UserVO.java
C:\Users\USER\coding\Practical_Project1\SpringTeamProject2\src\main\java\com\example\HomeController.java
C:\Users\USER\coding\Practical_Project1\SpringTeamProject2\src\main\java\com\example\LoginCheckInterceptor.java
C:\Users\USER\coding\Practical_Project1\SpringTeamProject2\src\main\java\com\example\BoardService.java
C:\Users\USER\coding\Practical_Project1\SpringTeamProject2\src\main\java\com\example\BoardController.java
C:\Users\USER\coding\Practical_Project1\SpringTeamProject2\src\main\java\com\example\BoardServiceImpl.java
C:\Users\USER\coding\Practical_Project1\SpringTeamProject2\src\main\java\com\example\BoardVO.java
